// Jest Snapshot v1, https://goo.gl/fbAQLP

exports[`renders the snapshot 1`] = `
<div
  className="inews__post inews__post-puff "
  data-post-id={1}
  key="1"
>
  <PostItemMedia
    className="inews__post-puff__media"
    height={155}
    imageSize="small-1:1"
    layout="fixed"
    linkToAuthor={false}
    placeholder="/static/images/placeholder/placeholder-84x84.png"
    post={
      Object {
        "breadcrumbs": Array [
          Object {
            "name": "News",
          },
        ],
        "id": 1,
        "link": "https://inews-article.com/test-article",
        "title": Object {
          "rendered": "title",
        },
      }
    }
    postItemType=""
    showAuthor={false}
    width={155}
  />
  <div
    className="inews__post-puff__content"
  >
    <div>
      <PostItemBadge
        post={
          Object {
            "breadcrumbs": Array [
              Object {
                "name": "News",
              },
            ],
            "id": 1,
            "link": "https://inews-article.com/test-article",
            "title": Object {
              "rendered": "title",
            },
          }
        }
        showAuthor={false}
      />
      <div
        className="inews__post-puff__content-headline"
      >
        <PostItemLabel
          post={
            Object {
              "breadcrumbs": Array [
                Object {
                  "name": "News",
                },
              ],
              "id": 1,
              "link": "https://inews-article.com/test-article",
              "title": Object {
                "rendered": "title",
              },
            }
          }
        />
        <PostItemTitle
          post={
            Object {
              "breadcrumbs": Array [
                Object {
                  "name": "News",
                },
              ],
              "id": 1,
              "link": "https://inews-article.com/test-article",
              "title": Object {
                "rendered": "title",
              },
            }
          }
        />
      </div>
    </div>
    <PostItemPubDate
      post={
        Object {
          "breadcrumbs": Array [
            Object {
              "name": "News",
            },
          ],
          "id": 1,
          "link": "https://inews-article.com/test-article",
          "title": Object {
            "rendered": "title",
          },
        }
      }
      showPubDate={false}
    />
  </div>
</div>
`;
