// Jest Snapshot v1, https://goo.gl/fbAQLP

exports[`renders the snapshot 1`] = `
<h2>
  <a
    className="rating-class-name"
    dangerouslySetInnerHTML={
      Object {
        "__html": "Social Title",
      }
    }
    href="https://inews-article.com/test-article"
  />
</h2>
`;
