// Jest Snapshot v1, https://goo.gl/fbAQLP

exports[`renders the snapshot 1`] = `
<div
  className="inews__post inews__post-superhero"
  data-post-id={1}
  key="1"
>
  <div
    className="inews__post-superhero__content"
  >
    <PostItemTitle
      post={
        Object {
          "breadcrumbs": Array [
            Object {
              "name": "News",
            },
          ],
          "excerpt": Object {
            "rendered": "excerpt",
          },
          "id": 1,
          "link": "https://inews-article.com/test-article",
          "title": Object {
            "rendered": "title",
          },
        }
      }
    />
    <PostItemLabel
      post={
        Object {
          "breadcrumbs": Array [
            Object {
              "name": "News",
            },
          ],
          "excerpt": Object {
            "rendered": "excerpt",
          },
          "id": 1,
          "link": "https://inews-article.com/test-article",
          "title": Object {
            "rendered": "title",
          },
        }
      }
    />
    <p
      dangerouslySetInnerHTML={
        Object {
          "__html": "excerpt",
        }
      }
    />
  </div>
  <div>
    <PostItemMedia
      className="inews__post-superhero__media inews__post-superhero__media--1-1"
      height={1}
      imageSize="medium-1:1"
      layout="responsive"
      linkToAuthor={false}
      placeholder="/static/images/placeholder/placeholder-84x84.png"
      post={
        Object {
          "breadcrumbs": Array [
            Object {
              "name": "News",
            },
          ],
          "excerpt": Object {
            "rendered": "excerpt",
          },
          "id": 1,
          "link": "https://inews-article.com/test-article",
          "title": Object {
            "rendered": "title",
          },
        }
      }
      postItemType=""
      showAuthor={false}
      width={1}
    />
    <PostItemMedia
      className="inews__post-superhero__media inews__post-superhero__media--16-9"
      height={9}
      imageSize="medium-16:9"
      layout="responsive"
      linkToAuthor={false}
      placeholder="/static/images/placeholder/placeholder-640x360.png"
      post={
        Object {
          "breadcrumbs": Array [
            Object {
              "name": "News",
            },
          ],
          "excerpt": Object {
            "rendered": "excerpt",
          },
          "id": 1,
          "link": "https://inews-article.com/test-article",
          "title": Object {
            "rendered": "title",
          },
        }
      }
      postItemType=""
      showAuthor={false}
      width={16}
    />
  </div>
</div>
`;
