// Jest Snapshot v1, https://goo.gl/fbAQLP

exports[`getVideoIcon it returns the expected Video icon if post.featured_video is truthy 1`] = `
<span
  className="inews__post__video-icon"
>
  <svg
    viewBox="0 0 24 24"
    xmlns="http://www.w3.org/2000/svg"
  >
    <path
      d="M8 5v14l11-7z"
    />
    <path
      d="M0 0h24v24H0z"
      fill="none"
    />
  </svg>
</span>
`;
